[    0.000000] Linux version 4.15.0-88-generic (buildd@lgw01-amd64-036) (gcc version 7.4.0 (Ubuntu 7.4.0-1ubuntu1~18.04.1)) #88-Ubuntu SMP Tue Feb 11 20:11:34 UTC 2020 (Ubuntu 4.15.0-88.88-generic 4.15.18)
[    0.000000] Command line: BOOT_IMAGE=/boot/vmlinuz-4.15.0-88-generic root=LABEL=cloudimg-rootfs ro console=tty1 console=ttyS0
[    0.000000] KERNEL supported cpus:
[    0.000000]   Intel GenuineIntel
[    0.000000]   AMD AuthenticAMD
[    0.000000]   Centaur CentaurHauls
[    0.000000] [Firmware Bug]: TSC doesn't count with P0 frequency!
[    0.000000] x86/fpu: Supporting XSAVE feature 0x001: 'x87 floating point registers'
[    0.000000] x86/fpu: Supporting XSAVE feature 0x002: 'SSE registers'
[    0.000000] x86/fpu: Supporting XSAVE feature 0x004: 'AVX registers'
[    0.000000] x86/fpu: xstate_offset[2]:  576, xstate_sizes[2]:  256
[    0.000000] x86/fpu: Enabled xstate features 0x7, context size is 832 bytes, using 'standard' format.
[    0.000000] e820: BIOS-provided physical RAM map:
[    0.000000] BIOS-e820: [mem 0x0000000000000000-0x000000000009fbff] usable
[    0.000000] BIOS-e820: [mem 0x000000000009fc00-0x000000000009ffff] reserved
[    0.000000] BIOS-e820: [mem 0x00000000000f0000-0x00000000000fffff] reserved
[    0.000000] BIOS-e820: [mem 0x0000000000100000-0x000000003ffeffff] usable
[    0.000000] BIOS-e820: [mem 0x000000003fff0000-0x000000003fffffff] ACPI data
[    0.000000] BIOS-e820: [mem 0x00000000fec00000-0x00000000fec00fff] reserved
[    0.000000] BIOS-e820: [mem 0x00000000fee00000-0x00000000fee00fff] reserved
[    0.000000] BIOS-e820: [mem 0x00000000fffc0000-0x00000000ffffffff] reserved
[    0.000000] NX (Execute Disable) protection: active
[    0.000000] SMBIOS 2.5 present.
[    0.000000] DMI: innotek GmbH VirtualBox/VirtualBox, BIOS VirtualBox 12/01/2006
[    0.000000] Hypervisor detected: KVM
[    0.000000] e820: last_pfn = 0x3fff0 max_arch_pfn = 0x400000000
[    0.000000] MTRR: Disabled
[    0.000000] x86/PAT: MTRRs disabled, skipping PAT initialization too.
[    0.000000] CPU MTRRs all blank - virtualized system.
[    0.000000] x86/PAT: Configuration [0-7]: WB  WT  UC- UC  WB  WT  UC- UC  
[    0.000000] found SMP MP-table at [mem 0x0009fff0-0x0009ffff]
[    0.000000] Scanning 1 areas for low memory corruption
[    0.000000] RAMDISK: [mem 0x35a6d000-0x36d2dfff]
[    0.000000] ACPI: Early table checksum verification disabled
[    0.000000] ACPI: RSDP 0x00000000000E0000 000024 (v02 VBOX  )
[    0.000000] ACPI: XSDT 0x000000003FFF0030 00003C (v01 VBOX   VBOXXSDT 00000001 ASL  00000061)
[    0.000000] ACPI: FACP 0x000000003FFF00F0 0000F4 (v04 VBOX   VBOXFACP 00000001 ASL  00000061)
[    0.000000] ACPI: DSDT 0x000000003FFF0470 0022EA (v02 VBOX   VBOXBIOS 00000002 INTL 20180105)
[    0.000000] ACPI: FACS 0x000000003FFF0200 000040
[    0.000000] ACPI: FACS 0x000000003FFF0200 000040
[    0.000000] ACPI: APIC 0x000000003FFF0240 00005C (v02 VBOX   VBOXAPIC 00000001 ASL  00000061)
[    0.000000] ACPI: SSDT 0x000000003FFF02A0 0001CC (v01 VBOX   VBOXCPUT 00000002 INTL 20180105)
[    0.000000] No NUMA configuration found
[    0.000000] Faking a node at [mem 0x0000000000000000-0x000000003ffeffff]
[    0.000000] NODE_DATA(0) allocated [mem 0x3ffc5000-0x3ffeffff]
[    0.000000] kvm-clock: cpu 0, msr 0:3ff44001, primary cpu clock
[    0.000000] kvm-clock: Using msrs 4b564d01 and 4b564d00
[    0.000000] kvm-clock: using sched offset of 3017621822 cycles
[    0.000000] clocksource: kvm-clock: mask: 0xffffffffffffffff max_cycles: 0x1cd42e4dffb, max_idle_ns: 881590591483 ns
[    0.000000] Zone ranges:
[    0.000000]   DMA      [mem 0x0000000000001000-0x0000000000ffffff]
[    0.000000]   DMA32    [mem 0x0000000001000000-0x000000003ffeffff]
[    0.000000]   Normal   empty
[    0.000000]   Device   empty
[    0.000000] Movable zone start for each node
[    0.000000] Early memory node ranges
[    0.000000]   node   0: [mem 0x0000000000001000-0x000000000009efff]
[    0.000000]   node   0: [mem 0x0000000000100000-0x000000003ffeffff]
[    0.000000] Reserved but unavailable: 98 pages
[    0.000000] Initmem setup node 0 [mem 0x0000000000001000-0x000000003ffeffff]
[    0.000000] ACPI: PM-Timer IO Port: 0x4008
[    0.000000] IOAPIC[0]: apic_id 2, version 32, address 0xfec00000, GSI 0-23
[    0.000000] ACPI: INT_SRC_OVR (bus 0 bus_irq 0 global_irq 2 dfl dfl)
[    0.000000] ACPI: INT_SRC_OVR (bus 0 bus_irq 9 global_irq 9 low level)
[    0.000000] Using ACPI (MADT) for SMP configuration information
[    0.000000] smpboot: Allowing 2 CPUs, 0 hotplug CPUs
[    0.000000] PM: Registered nosave memory: [mem 0x00000000-0x00000fff]
[    0.000000] PM: Registered nosave memory: [mem 0x0009f000-0x0009ffff]
[    0.000000] PM: Registered nosave memory: [mem 0x000a0000-0x000effff]
[    0.000000] PM: Registered nosave memory: [mem 0x000f0000-0x000fffff]
[    0.000000] e820: [mem 0x40000000-0xfebfffff] available for PCI devices
[    0.000000] Booting paravirtualized kernel on KVM
[    0.000000] clocksource: refined-jiffies: mask: 0xffffffff max_cycles: 0xffffffff, max_idle_ns: 7645519600211568 ns
[    0.000000] random: get_random_bytes called from start_kernel+0x99/0x4fd with crng_init=0
[    0.000000] setup_percpu: NR_CPUS:8192 nr_cpumask_bits:2 nr_cpu_ids:2 nr_node_ids:1
[    0.000000] percpu: Embedded 45 pages/cpu s147456 r8192 d28672 u1048576
[    0.000000] PV qspinlock hash table entries: 256 (order: 0, 4096 bytes)
[    0.000000] Built 1 zonelists, mobility grouping on.  Total pages: 257913
[    0.000000] Policy zone: DMA32
[    0.000000] Kernel command line: BOOT_IMAGE=/boot/vmlinuz-4.15.0-88-generic root=LABEL=cloudimg-rootfs ro console=tty1 console=ttyS0
[    0.000000] Memory: 983068K/1048120K available (12300K kernel code, 2481K rwdata, 4264K rodata, 2428K init, 2712K bss, 65052K reserved, 0K cma-reserved)
[    0.000000] SLUB: HWalign=64, Order=0-3, MinObjects=0, CPUs=2, Nodes=1
[    0.000000] ftrace: allocating 39344 entries in 154 pages
[    0.004000] Hierarchical RCU implementation.
[    0.004000] 	RCU restricting CPUs from NR_CPUS=8192 to nr_cpu_ids=2.
[    0.004000] 	Tasks RCU enabled.
[    0.004000] RCU: Adjusting geometry for rcu_fanout_leaf=16, nr_cpu_ids=2
[    0.004000] NR_IRQS: 524544, nr_irqs: 440, preallocated irqs: 16
[    0.004000] Console: colour VGA+ 80x25
[    0.004000] console [tty1] enabled
[    0.004000] console [ttyS0] enabled
[    0.004000] ACPI: Core revision 20170831
[    0.004000] ACPI: 2 ACPI AML tables successfully acquired and loaded
[    0.004000] APIC: Switch to symmetric I/O mode setup
[    0.004000] x2apic enabled
[    0.004000] Switched APIC routing to physical x2apic.
[    0.004000] ..TIMER: vector=0x30 apic1=0 pin1=2 apic2=-1 pin2=-1
[    0.004000] tsc: Detected 3593.250 MHz processor
[    0.004000] Calibrating delay loop (skipped) preset value.. 7186.50 BogoMIPS (lpj=14373000)
[    0.004000] pid_max: default: 32768 minimum: 301
[    0.004000] Security Framework initialized
[    0.004000] Yama: becoming mindful.
[    0.004000] AppArmor: AppArmor initialized
[    0.004000] Dentry cache hash table entries: 131072 (order: 8, 1048576 bytes)
[    0.004000] Inode-cache hash table entries: 65536 (order: 7, 524288 bytes)
[    0.004000] Mount-cache hash table entries: 2048 (order: 2, 16384 bytes)
[    0.004000] Mountpoint-cache hash table entries: 2048 (order: 2, 16384 bytes)
[    0.004000] Last level iTLB entries: 4KB 1024, 2MB 1024, 4MB 512
[    0.004000] Last level dTLB entries: 4KB 2048, 2MB 2048, 4MB 1024, 1GB 0
[    0.004005] Spectre V1 : Mitigation: usercopy/swapgs barriers and __user pointer sanitization
[    0.004586] Spectre V2 : Spectre mitigation: LFENCE not serializing, switching to generic retpoline
[    0.005168] Spectre V2 : Mitigation: Full generic retpoline
[    0.005555] Spectre V2 : Spectre v2 / SpectreRSB mitigation: Filling RSB on context switch
[    0.006114] Speculative Store Bypass: Mitigation: Speculative Store Bypass disabled via prctl and seccomp
[    0.006926] Freeing SMP alternatives memory: 36K
[    0.118679] smpboot: CPU0: AMD Ryzen 7 3700X 8-Core Processor (family: 0x17, model: 0x71, stepping: 0x0)
[    0.119773] Performance Events: PMU not available due to virtualization, using software events only.
[    0.120000] Hierarchical SRCU implementation.
[    0.120000] NMI watchdog: Perf event create on CPU 0 failed with -2
[    0.120000] NMI watchdog: Perf NMI watchdog permanently disabled
[    0.120067] smp: Bringing up secondary CPUs ...
[    0.120597] x86: Booting SMP configuration:
[    0.121010] .... node  #0, CPUs:      #1
[    0.004000] kvm-clock: cpu 1, msr 0:3ff44041, secondary cpu clock
[    0.130371] smp: Brought up 1 node, 2 CPUs
[    0.130371] smpboot: Max logical packages: 1
[    0.130371] smpboot: Total of 2 processors activated (14373.00 BogoMIPS)
[    0.132178] devtmpfs: initialized
[    0.132376] x86/mm: Memory block size: 128MB
[    0.132871] evm: security.selinux
[    0.133184] evm: security.SMACK64
[    0.133486] evm: security.SMACK64EXEC
[    0.133486] evm: security.SMACK64TRANSMUTE
[    0.133486] evm: security.SMACK64MMAP
[    0.133486] evm: security.apparmor
[    0.133486] evm: security.ima
[    0.133486] evm: security.capability
[    0.136685] clocksource: jiffies: mask: 0xffffffff max_cycles: 0xffffffff, max_idle_ns: 7645041785100000 ns
[    0.136714] futex hash table entries: 512 (order: 3, 32768 bytes)
[    0.137221] pinctrl core: initialized pinctrl subsystem
[    0.137693] RTC time: 19:41:15, date: 03/17/20
[    0.138177] NET: Registered protocol family 16
[    0.138584] audit: initializing netlink subsys (disabled)
[    0.140014] audit: type=2000 audit(1584474079.454:1): state=initialized audit_enabled=0 res=1
[    0.140826] cpuidle: using governor ladder
[    0.140826] cpuidle: using governor menu
[    0.140840] ACPI: bus type PCI registered
[    0.140840] acpiphp: ACPI Hot Plug PCI Controller Driver version: 0.5
[    0.141578] PCI: Using configuration type 1 for base access
[    0.142407] PCI: Using configuration type 1 for extended access
[    0.144968] HugeTLB registered 2.00 MiB page size, pre-allocated 0 pages
[    0.148089] ACPI: Added _OSI(Module Device)
[    0.148665] ACPI: Added _OSI(Processor Device)
[    0.149239] ACPI: Added _OSI(3.0 _SCP Extensions)
[    0.149782] ACPI: Added _OSI(Processor Aggregator Device)
[    0.150351] ACPI: Added _OSI(Linux-Dell-Video)
[    0.150863] ACPI: Added _OSI(Linux-Lenovo-NV-HDMI-Audio)
[    0.152005] ACPI: Added _OSI(Linux-HPI-Hybrid-Graphics)
[    0.152804] ACPI: Executed 1 blocks of module-level executable AML code
[    0.157284] ACPI: Interpreter enabled
[    0.157815] ACPI: (supports S0 S5)
[    0.158119] ACPI: Using IOAPIC for interrupt routing
[    0.158666] PCI: Using host bridge windows from ACPI; if necessary, use "pci=nocrs" and report a bug
[    0.159437] ACPI: Enabled 2 GPEs in block 00 to 07
[    0.163075] ACPI: PCI Root Bridge [PCI0] (domain 0000 [bus 00-ff])
[    0.163529] acpi PNP0A03:00: _OSC: OS supports [ExtendedConfig ASPM ClockPM Segments MSI]
[    0.164622] acpi PNP0A03:00: _OSC: platform does not support [PCIeCapability]
[    0.165480] acpi PNP0A03:00: _OSC: not requesting control; platform does not support [PCIeCapability]
[    0.166281] acpi PNP0A03:00: _OSC: OS requested [PCIeHotplug PME AER PCIeCapability]
[    0.166868] acpi PNP0A03:00: _OSC: platform willing to grant [PCIeHotplug PME AER]
[    0.167496] acpi PNP0A03:00: _OSC failed (AE_SUPPORT); disabling ASPM
[    0.168165] PCI host bridge to bus 0000:00
[    0.168522] pci_bus 0000:00: root bus resource [io  0x0000-0x0cf7 window]
[    0.169057] pci_bus 0000:00: root bus resource [io  0x0d00-0xffff window]
[    0.169551] pci_bus 0000:00: root bus resource [mem 0x000a0000-0x000bffff window]
[    0.170184] pci_bus 0000:00: root bus resource [mem 0x40000000-0xfdffffff window]
[    0.170789] pci_bus 0000:00: root bus resource [bus 00-ff]
[    0.172026] pci 0000:00:01.1: legacy IDE quirk: reg 0x10: [io  0x01f0-0x01f7]
[    0.172557] pci 0000:00:01.1: legacy IDE quirk: reg 0x14: [io  0x03f6]
[    0.173050] pci 0000:00:01.1: legacy IDE quirk: reg 0x18: [io  0x0170-0x0177]
[    0.173586] pci 0000:00:01.1: legacy IDE quirk: reg 0x1c: [io  0x0376]
[    0.183160] pci 0000:00:07.0: quirk: [io  0x4000-0x403f] claimed by PIIX4 ACPI
[    0.184009] pci 0000:00:07.0: quirk: [io  0x4100-0x410f] claimed by PIIX4 SMB
[    0.188868] ACPI: PCI Interrupt Link [LNKA] (IRQs 5 9 10 *11)
[    0.189813] ACPI: PCI Interrupt Link [LNKB] (IRQs 5 9 *10 11)
[    0.190545] ACPI: PCI Interrupt Link [LNKC] (IRQs 5 *9 10 11)
[    0.191343] ACPI: PCI Interrupt Link [LNKD] (IRQs 5 9 10 *11)
[    0.192354] SCSI subsystem initialized
[    0.192851] pci 0000:00:02.0: vgaarb: setting as boot VGA device
[    0.192851] pci 0000:00:02.0: vgaarb: VGA device added: decodes=io+mem,owns=io+mem,locks=none
[    0.193574] pci 0000:00:02.0: vgaarb: bridge control possible
[    0.194175] vgaarb: loaded
[    0.194564] ACPI: bus type USB registered
[    0.195045] usbcore: registered new interface driver usbfs
[    0.196017] usbcore: registered new interface driver hub
[    0.196606] usbcore: registered new device driver usb
[    0.197233] EDAC MC: Ver: 3.0.0
[    0.197233] PCI: Using ACPI for IRQ routing
[    0.197233] NetLabel: Initializing
[    0.197233] NetLabel:  domain hash size = 128
[    0.197411] NetLabel:  protocols = UNLABELED CIPSOv4 CALIPSO
[    0.200011] NetLabel:  unlabeled traffic allowed by default
[    0.200428] clocksource: Switched to clocksource kvm-clock
[    0.210086] VFS: Disk quotas dquot_6.6.0
[    0.210542] VFS: Dquot-cache hash table entries: 512 (order 0, 4096 bytes)
[    0.211138] AppArmor: AppArmor Filesystem Enabled
[    0.211537] pnp: PnP ACPI init
[    0.212372] pnp: PnP ACPI: found 3 devices
[    0.219664] clocksource: acpi_pm: mask: 0xffffff max_cycles: 0xffffff, max_idle_ns: 2085701024 ns
[    0.220021] NET: Registered protocol family 2
[    0.220948] TCP established hash table entries: 8192 (order: 4, 65536 bytes)
[    0.221504] TCP bind hash table entries: 8192 (order: 5, 131072 bytes)
[    0.222488] TCP: Hash tables configured (established 8192 bind 8192)
[    0.222980] UDP hash table entries: 512 (order: 2, 16384 bytes)
[    0.223434] UDP-Lite hash table entries: 512 (order: 2, 16384 bytes)
[    0.223936] NET: Registered protocol family 1
[    0.224297] pci 0000:00:00.0: Limiting direct PCI/PCI transfers
[    0.224763] pci 0000:00:01.0: Activating ISA DMA hang workarounds
[    0.224907] pci 0000:00:02.0: Video device with shadowed ROM at [mem 0x000c0000-0x000dffff]
[    0.224907] Unpacking initramfs...
[    0.435875] Freeing initrd memory: 19204K
[    0.436377] clocksource: tsc: mask: 0xffffffffffffffff max_cycles: 0x33cb6addeae, max_idle_ns: 440795225061 ns
[    0.437179] platform rtc_cmos: registered platform RTC device (no PNP device found)
[    0.437770] Scanning for low memory corruption every 60 seconds
[    0.438823] Initialise system trusted keyrings
[    0.439307] Key type blacklist registered
[    0.439684] workingset: timestamp_bits=36 max_order=18 bucket_order=0
[    0.441084] zbud: loaded
[    0.441862] squashfs: version 4.0 (2009/01/31) Phillip Lougher
[    0.442546] fuse init (API version 7.26)
[    0.445945] Key type asymmetric registered
[    0.446834] Asymmetric key parser 'x509' registered
[    0.447858] Block layer SCSI generic (bsg) driver version 0.4 loaded (major 246)
[    0.449094] io scheduler noop registered
[    0.449689] io scheduler deadline registered
[    0.450123] io scheduler cfq registered (default)
[    0.450696] ACPI: AC Adapter [AC] (on-line)
[    0.451082] input: Power Button as /devices/LNXSYSTM:00/LNXPWRBN:00/input/input0
[    0.452063] ACPI: Power Button [PWRF]
[    0.452607] input: Sleep Button as /devices/LNXSYSTM:00/LNXSLPBN:00/input/input1
[    0.453528] ACPI: Sleep Button [SLPF]
[    0.454358] Serial: 8250/16550 driver, 32 ports, IRQ sharing enabled
[    0.475677] 00:02: ttyS0 at I/O 0x3f8 (irq = 4, base_baud = 115200) is a 16550A
[    0.478028] Linux agpgart interface v0.103
[    0.479549] loop: module loaded
[    0.480298] scsi host0: ata_piix
[    0.481035] scsi host1: ata_piix
[    0.481376] ata1: PATA max UDMA/33 cmd 0x1f0 ctl 0x3f6 bmdma 0xd000 irq 14
[    0.481918] ata2: PATA max UDMA/33 cmd 0x170 ctl 0x376 bmdma 0xd008 irq 15
[    0.482496] libphy: Fixed MDIO Bus: probed
[    0.482845] tun: Universal TUN/TAP device driver, 1.6
[    0.483289] PPP generic driver version 2.4.2
[    0.483661] ehci_hcd: USB 2.0 'Enhanced' Host Controller (EHCI) Driver
[    0.484119] ehci-pci: EHCI PCI platform driver
[    0.484507] ehci-platform: EHCI generic platform driver
[    0.484896] ohci_hcd: USB 1.1 'Open' Host Controller (OHCI) Driver
[    0.485375] ohci-pci: OHCI PCI platform driver
[    0.485715] ohci-platform: OHCI generic platform driver
[    0.486099] uhci_hcd: USB Universal Host Controller Interface driver
[    0.486587] i8042: PNP: PS/2 Controller [PNP0303:PS2K,PNP0f03:PS2M] at 0x60,0x64 irq 1,12
[    0.487530] serio: i8042 KBD port at 0x60,0x64 irq 1
[    0.487930] serio: i8042 AUX port at 0x60,0x64 irq 12
[    0.488415] mousedev: PS/2 mouse device common for all mice
[    0.489047] input: AT Translated Set 2 keyboard as /devices/platform/i8042/serio0/input/input2
[    0.489886] rtc_cmos rtc_cmos: rtc core: registered rtc_cmos as rtc0
[    0.490348] rtc_cmos rtc_cmos: alarms up to one day, 114 bytes nvram
[    0.490757] i2c /dev entries driver
[    0.491051] device-mapper: uevent: version 1.0.3
[    0.491429] device-mapper: ioctl: 4.37.0-ioctl (2017-09-20) initialised: dm-devel@redhat.com
[    0.492034] ledtrig-cpu: registered to indicate activity on CPUs
[    0.492763] NET: Registered protocol family 10
[    0.495398] Segment Routing with IPv6
[    0.495774] NET: Registered protocol family 17
[    0.496274] Key type dns_resolver registered
[    0.496737] mce: Using 0 MCE banks
[    0.497111] RAS: Correctable Errors collector initialized.
[    0.497632] sched_clock: Marking stable (496701053, 0)->(591247687, -94546634)
[    0.498549] registered taskstats version 1
[    0.498962] Loading compiled-in X.509 certificates
[    0.500719] Loaded X.509 cert 'Build time autogenerated kernel key: f0020782f0d3a548186fb3f47aed88387a71e859'
[    0.501426] zswap: loaded using pool lzo/zbud
[    0.503553] Key type big_key registered
[    0.503875] Key type trusted registered
[    0.505711] Key type encrypted registered
[    0.506337] AppArmor: AppArmor sha1 policy hashing enabled
[    0.507138] ima: No TPM chip found, activating TPM-bypass! (rc=-19)
[    0.508059] ima: Allocated hash algorithm: sha1
[    0.508722] evm: HMAC attrs: 0x1
[    0.509451]   Magic number: 12:407:698
[    0.510194] rtc_cmos rtc_cmos: setting system clock to 2020-03-17 19:41:15 UTC (1584474075)
[    0.511532] BIOS EDD facility v0.16 2004-Jun-25, 0 devices found
[    0.512425] EDD information not available.
[    0.644128] Freeing unused kernel image memory: 2428K
[    0.895960] Write protecting the kernel read-only data: 20480k
[    0.897550] Freeing unused kernel image memory: 2008K
[    0.898650] Freeing unused kernel image memory: 1880K
[    0.907758] x86/mm: Checked W+X mappings: passed, no W+X pages found.
Loading, please wait...
starting version 237
[    0.953363] Fusion MPT base driver 3.04.20
[    0.953786] Copyright (c) 1999-2008 LSI Corporation
[    0.954342] e1000: Intel(R) PRO/1000 Network Driver - version 7.3.21-k8-NAPI
[    0.954834] e1000: Copyright (c) 1999-2006 Intel Corporation.
[    0.956645] Fusion MPT SPI Host driver 3.04.20
[    0.963842] AVX2 version of gcm_enc/dec engaged.
[    0.964263] AES CTR mode by8 optimization enabled
[    1.182879] input: ImExPS/2 Generic Explorer Mouse as /devices/platform/i8042/serio1/input/input4
[    1.297522] e1000 0000:00:03.0 eth0: (PCI:33MHz:32-bit) 02:63:41:f1:0e:ed
[    1.298279] e1000 0000:00:03.0 eth0: Intel(R) PRO/1000 Network Connection
[    1.300515] e1000 0000:00:03.0 enp0s3: renamed from eth0
[    1.301126] mptbase: ioc0: Initiating bringup
[    1.406110] ioc0: LSI53C1030 A0: Capabilities={Initiator}
[    2.006948] scsi host2: ioc0: LSI53C1030 A0, FwRev=00000000h, Ports=1, MaxQ=256, IRQ=20
[    2.176446] scsi 2:0:0:0: Direct-Access     VBOX     HARDDISK         1.0  PQ: 0 ANSI: 5
[    2.208048] scsi target2:0:0: Beginning Domain Validation
[    2.209666] scsi target2:0:0: Domain Validation skipping write tests
[    2.210488] scsi target2:0:0: Ending Domain Validation
[    2.211179] scsi target2:0:0: asynchronous
[    2.212150] scsi 2:0:1:0: Direct-Access     VBOX     HARDDISK         1.0  PQ: 0 ANSI: 5
[    2.429771] scsi target2:0:1: Beginning Domain Validation
[    2.431496] scsi target2:0:1: Domain Validation skipping write tests
[    2.432231] scsi target2:0:1: Ending Domain Validation
[    2.432937] scsi target2:0:1: asynchronous
[    2.433514] random: fast init done
[    2.436867] random: systemd-udevd: uninitialized urandom read (16 bytes read)
[    2.436934] sd 2:0:0:0: Attached scsi generic sg0 type 0
[    2.437956] random: systemd-udevd: uninitialized urandom read (16 bytes read)
[    2.438562] sd 2:0:1:0: Attached scsi generic sg1 type 0
[    2.439517] random: systemd-udevd: uninitialized urandom read (16 bytes read)
[    2.441485] sd 2:0:0:0: [sda] 20971520 512-byte logical blocks: (10.7 GB/10.0 GiB)
[    2.442069] sd 2:0:1:0: [sdb] 20480 512-byte logical blocks: (10.5 MB/10.0 MiB)
[    2.443616] sd 2:0:0:0: [sda] Write Protect is off
[    2.443646] sd 2:0:1:0: [sdb] Write Protect is off
[    2.445183] sd 2:0:1:0: [sdb] Incomplete mode parameter data
[    2.445186] sd 2:0:0:0: [sda] Incomplete mode parameter data
[    2.445763] sd 2:0:1:0: [sdb] Assuming drive cache: write through
[    2.446551] sd 2:0:0:0: [sda] Assuming drive cache: write through
[    2.448530]  sda: sda1
[    2.449371] sd 2:0:0:0: [sda] Attached SCSI disk
[    2.449877] sd 2:0:1:0: [sdb] Attached SCSI disk
Begin: Loading essential drivers ... [    3.796026] raid6: sse2x1   gen()  7898 MB/s
[    3.844034] raid6: sse2x1   xor()  8331 MB/s
[    3.892032] raid6: sse2x2   gen() 16845 MB/s
[    3.940034] raid6: sse2x2   xor() 11260 MB/s
[    3.988029] raid6: sse2x4   gen() 17995 MB/s
[    4.036030] raid6: sse2x4   xor() 10124 MB/s
[    4.084035] raid6: avx2x1   gen() 20382 MB/s
[    4.132026] raid6: avx2x1   xor() 16544 MB/s
[    4.180037] raid6: avx2x2   gen() 35553 MB/s
[    4.228029] raid6: avx2x2   xor() 22022 MB/s
[    4.276053] raid6: avx2x4   gen() 37168 MB/s
[    4.324034] raid6: avx2x4   xor() 15698 MB/s
[    4.324459] raid6: using algorithm avx2x4 gen() 37168 MB/s
[    4.324934] raid6: .... xor() 15698 MB/s, rmw enabled
[    4.325349] raid6: using avx2x2 recovery algorithm
[    4.327301] xor: automatically using best checksumming function   avx       
[    4.330276] async_tx: api initialized (async)
done.
Begin: Running /scripts/init-premount ... done.
Begin: Mounting root file system ... Begin: Running /scripts/local-top ... done.
Begin: Running /scripts/local-premount ... [    4.364981] Btrfs loaded, crc32c=crc32c-intel
Scanning for Btrfs filesystems
done.
Warning: fsck not present, so skipping root file system
[    4.392139] EXT4-fs (sda1): mounted filesystem with ordered data mode. Opts: (null)
done.
Begin: Running /scripts/local-bottom ... done.
Begin: Running /scripts/init-bottom ... done.
[    4.527741] ip_tables: (C) 2000-2006 Netfilter Core Team
[    4.534676] systemd[1]: systemd 237 running in system mode. (+PAM +AUDIT +SELINUX +IMA +APPARMOR +SMACK +SYSVINIT +UTMP +LIBCRYPTSETUP +GCRYPT +GNUTLS +ACL +XZ +LZ4 +SECCOMP +BLKID +ELFUTILS +KMOD -IDN2 +IDN -PCRE2 default-hierarchy=hybrid)
[    4.536235] systemd[1]: Detected virtualization oracle.
[    4.536647] systemd[1]: Detected architecture x86-64.

Welcome to [1mUbuntu 18.04.4 LTS[0m!

[    4.540501] systemd[1]: Set hostname to <ubuntu>.
[    4.542894] systemd[1]: Initializing machine ID from random generator.
[    4.543454] systemd[1]: Installed transient /etc/machine-id file.
[    4.715061] systemd[1]: Created slice System Slice.
[[0;32m  OK  [0m] Created slice System Slice.
[    4.716448] systemd[1]: Created slice system-serial\x2dgetty.slice.
[[0;32m  OK  [0m] Created slice system-serial\x2dgetty.slice.
[    4.717602] systemd[1]: Listening on Journal Audit Socket.
[[0;32m  OK  [0m] Listening on Journal Audit Socket.
[    4.718591] systemd[1]: Listening on Device-mapper event daemon FIFOs.
[[0;32m  OK  [0m] Listening on Device-mapper event daemon FIFOs.
[[0;32m  OK  [0m] Listening on udev Kernel Socket.
[[0;32m  OK  [0m] Listening on Journal Socket.
         Mounting POSIX Message Queue File System...
         Starting Create list of required stâ€¦ce nodes for the current kernel...
[[0;32m  OK  [0m] Listening on LVM2 metadata daemon socket.
[[0;32m  OK  [0m] Listening on /dev/initctl Compatibility Named Pipe.
[[0;32m  OK  [0m] Listening on Network Service Netlink Socket.
[[0;32m  OK  [0m] Listening on Syslog Socket.
         Starting Uncomplicated firewall...
         Starting Monitoring of LVM2 mirrorsâ€¦ng dmeventd or progress polling...
         Mounting Huge Pages File System...
         Mounting Kernel Debug File System...
[[0;32m  OK  [0m] Reached target Swap.
[[0;32m  OK  [0m] Reached target User and Group Name Lookups.
[[0;32m  OK  [0m] Reached target System Time Synchronized.
         Starting Load Kernel Modules...
[[0;32m  OK  [0m] Listening on LVM2 poll daemon socket.
[[0;32m  OK  [0m] Listening on udev Control Socket.
         Starting udev Coldplug all Devices...
[[0;32m  OK  [0m] Created slice User and Session Slice.
[[0;32m  OK  [0m] Reached target Slices.
[[0;32m  OK  [0m] Listening on Journal Socket (/dev/log).
         Starting Journal Service...
         Starting Remount Root and Kernel File Systems...
         Starting Set the console keyboard layout...
[[0;32m  OK  [0m] Started Forward Password Requests to Wall Directory Watch.
[[0;32m  OK  [0m] Set up automount Arbitrary Executabâ€¦rmats File System Automount Point.
[[0;32m  OK  [0m] Mounted POSIX Message Queue File System.
[[0;32m  OK  [0m] Started Create list of required staâ€¦vice nodes for the current kernel.
[[0;32m  OK  [0m] Started Uncomplicated firewall.
[[0;32m  OK  [0m] Mounted Huge Pages File System.
[[0;32m  OK  [0m] Mounted Kernel Debug File System.
         Starting Create Static Device Nodes in /dev...
[[0;32m  OK  [0m] Started LVM2 metadata daemon.
[    4.776389] Loading iSCSI transport class v2.0-870.
[    4.782257] iscsi: registered transport (tcp)
[    4.792887] iscsi: registered transport (iser)
[[0;32m  OK  [0m] Started Load Kernel Modules.
         Mounting Kernel Configuration File System...
         Mounting FUSE Control File System...
         Starting Apply Kernel Variables...
[[0;32m  OK  [0m] Mounted Kernel Configuration File System.
[[0;32m  OK  [0m] Mounted FUSE Control File System.
[[0;32m  OK  [0m] Started udev Coldplug all Devices.
[[0;32m  OK  [0m] Started Create Static Device Nodes in /dev.
[[0;32m  OK  [0m] Started Journal Service.
[[0;32m  OK  [0m] Started Remount Root and Kernel File Systems.
         Starting Flush Journal to Persistent Storage...
         Starting Load/Save Random Seed...
         Starting udev Kernel Device Manager...
[[0;32m  OK  [0m] Started Monitoring of LVM2 mirrors,â€¦sing dmeventd or progress polling.
[[0;32m  OK  [0m] Started Apply Kernel Variables.
[[0;32m  OK  [0m] Started Load/Save Random Seed.
[[0;32m  OK  [0m] Started udev Kernel Device Manager.
[[0;32m  OK  [0m] Started Flush Journal to Persistent Storage.
[[0;32m  OK  [0m] Started Set the console keyboard layout.
[[0;32m  OK  [0m] Reached target Local File Systems (Pre).
[[0;32m  OK  [0m] Reached target Local File Systems.
         Starting AppArmor initialization...
         Starting ebtables ruleset management...
         Starting Create Volatile Files and Directories...
         Starting Commit a transient machine-id on disk...
         Starting Tell Plymouth To Write Out Runtime Data...
         Starting Set console font and keymap...
[[0;32m  OK  [0m] Started Dispatch Password Requests to Console Directory Watch.
[[0;32m  OK  [0m] Reached target Local Encrypted Volumes.
[[0;32m  OK  [0m] Started Tell Plymouth To Write Out Runtime Data.
[[0;32m  OK  [0m] Started Create Volatile Files and Directories.
         Starting Update UTMP about System Boot/Shutdown...
[[0;32m  OK  [0m] Started Set console font and keymap.
[[0;32m  OK  [0m] Started Update UTMP about System Boot/Shutdown.
[[0;32m  OK  [0m] Started Commit a transient machine-id on disk.
[[0;32m  OK  [0m] Found device /dev/ttyS0.
[[0;32m  OK  [0m] Started ebtables ruleset management.
[[0;32m  OK  [0m] Listening on Load/Save RF Kill Switch Status /dev/rfkill Watch.
[[0;32m  OK  [0m] Started AppArmor initialization.
         Starting Initial cloud-init job (pre-networking)...
[    6.446973] cloud-init[542]: Cloud-init v. 19.4-33-gbb4131a2-0ubuntu1~18.04.1 running 'init-local' at Tue, 17 Mar 2020 19:41:21 +0000. Up 6.17 seconds.
[[0;32m  OK  [0m] Started Initial cloud-init job (pre-networking).
[[0;32m  OK  [0m] Reached target Network (Pre).
         Starting Network Service...
[[0;32m  OK  [0m] Started Network Service.
         Starting Network Name Resolution...
         Starting Wait for Network to be Configured...
[[0;32m  OK  [0m] Started Network Name Resolution.
[[0;32m  OK  [0m] Reached target Network.
[[0;32m  OK  [0m] Reached target Host and Network Name Lookups.
[[0;32m  OK  [0m] Started Wait for Network to be Configured.
         Starting Initial cloud-init job (metadata service crawler)...
[    8.744978] cloud-init[662]: Cloud-init v. 19.4-33-gbb4131a2-0ubuntu1~18.04.1 running 'init' at Tue, 17 Mar 2020 19:41:23 +0000. Up 8.64 seconds.
[    8.747522] cloud-init[662]: ci-info: +++++++++++++++++++++++++++++++++++++Net device info++++++++++++++++++++++++++++++++++++++
[    8.748963] cloud-init[662]: ci-info: +--------+------+---------------------------+---------------+--------+-------------------+
[    8.750351] cloud-init[662]: ci-info: | Device |  Up  |          Address          |      Mask     | Scope  |     Hw-Address    |
[    8.751724] cloud-init[662]: ci-info: +--------+------+---------------------------+---------------+--------+-------------------+
[    8.753137] cloud-init[662]: ci-info: | enp0s3 | True |         10.0.2.15         | 255.255.255.0 | global | 02:63:41:f1:0e:ed |
[    8.753826] cloud-init[662]: ci-info: | enp0s3 | True | fe80::63:41ff:fef1:eed/64 |       .       |  link  | 02:63:41:f1:0e:ed |
[    8.754354] cloud-init[662]: ci-info: |   lo   | True |         127.0.0.1         |   255.0.0.0   |  host  |         .         |
[    8.754921] cloud-init[662]: ci-info: |   lo   | True |          ::1/128          |       .       |  host  |         .         |
[    8.755505] cloud-init[662]: ci-info: +--------+------+---------------------------+---------------+--------+-------------------+
[    8.756074] cloud-init[662]: ci-info: ++++++++++++++++++++++++++++Route IPv4 info+++++++++++++++++++++++++++++
[    8.756632] cloud-init[662]: ci-info: +-------+-------------+----------+-----------------+-----------+-------+
[    8.757043] cloud-init[662]: ci-info: | Route | Destination | Gateway  |     Genmask     | Interface | Flags |
[    8.757403] cloud-init[662]: ci-info: +-------+-------------+----------+-----------------+-----------+-------+
[    8.757771] cloud-init[662]: ci-info: |   0   |   0.0.0.0   | 10.0.2.2 |     0.0.0.0     |   enp0s3  |   UG  |
[    8.758137] cloud-init[662]: ci-info: |   1   |   10.0.2.0  | 0.0.0.0  |  255.255.255.0  |   enp0s3  |   U   |
[    8.758547] cloud-init[662]: ci-info: |   2   |   10.0.2.2  | 0.0.0.0  | 255.255.255.255 |   enp0s3  |   UH  |
[    8.758916] cloud-init[662]: ci-info: +-------+-------------+----------+-----------------+-----------+-------+
[    8.759267] cloud-init[662]: ci-info: +++++++++++++++++++Route IPv6 info+++++++++++++++++++
[    8.759649] cloud-init[662]: ci-info: +-------+-------------+---------+-----------+-------+
[    8.760328] cloud-init[662]: ci-info: | Route | Destination | Gateway | Interface | Flags |
[    8.761093] cloud-init[662]: ci-info: +-------+-------------+---------+-----------+-------+
[    8.761826] cloud-init[662]: ci-info: |   1   |  fe80::/64  |    ::   |   enp0s3  |   U   |
[    8.762694] cloud-init[662]: ci-info: |   3   |    local    |    ::   |   enp0s3  |   U   |
[    8.763507] cloud-init[662]: ci-info: |   4   |   ff00::/8  |    ::   |   enp0s3  |   U   |
[    8.764339] cloud-init[662]: ci-info: +-------+-------------+---------+-----------+-------+
[    9.757301] cloud-init[662]: Generating public/private rsa key pair.
[    9.757752] cloud-init[662]: Your identification has been saved in /etc/ssh/ssh_host_rsa_key.
[    9.758142] cloud-init[662]: Your public key has been saved in /etc/ssh/ssh_host_rsa_key.pub.
[    9.758509] cloud-init[662]: The key fingerprint is:
[    9.758724] cloud-init[662]: SHA256:3EZmXGYJUXQvtkYC7jS1vyFvmXufzmz5WnMpLiQjVkU root@ubuntu-bionic
[    9.759029] cloud-init[662]: The key's randomart image is:
[    9.759247] cloud-init[662]: +---[RSA 2048]----+
[    9.772335] cloud-init[662]: |          =EB..  |
[    9.772648] cloud-init[662]: |         o B.o . |
[    9.784270] cloud-init[662]: |          X o + .|
[    9.784579] cloud-init[662]: |       . O . = o |
[[0;32m  OK  [0m] Started Initial cloud-init job (metadata service crawler).
[    9.796233] cloud-init[662]: |        S + . =  |
[    9.796662] cloud-init[662]: |       o + . + =.|
[    9.796892] cloud-init[662]: |      . . +  .*o+|
[    9.815698] cloud-init[662]: |           ...+==|
[    9.815774] cloud-init[662]: |            ..=B=|
[    9.815839] cloud-init[662]: +----[SHA256]-----+
[    9.816089] cloud-init[662]: Generating public/private dsa key pair.
[    9.816352] cloud-init[662]: Your identification has been saved in /etc/ssh/ssh_host_dsa_key.
[    9.816625] cloud-init[662]: Your public key has been saved in /etc/ssh/ssh_host_dsa_key.pub.
[    9.816899] cloud-init[662]: The key fingerprint is:
[    9.817170] cloud-init[662]: SHA256:Qh3taDDX3HMvVgVooWrQ+TsnCBxlIWmPdEBZYTOktGI root@ubuntu-bionic
[    9.817540] cloud-init[662]: The key's randomart image is:
[    9.817880] cloud-init[662]: +---[DSA 1024]----+
[    9.818197] cloud-init[662]: |     .=*%* ..o..o|
[    9.818430] cloud-init[662]: |     .BXo=+.= . .|
[    9.818724] cloud-init[662]: |    Eo*B+o.. o o |
[    9.819010] cloud-init[662]: |   . +.o+o.   o .|
[    9.819252] cloud-init[662]: |      +.S .  . . |
[    9.819546] cloud-init[662]: |       + . .     |
[    9.819773] cloud-init[662]: |        . + .    |
[    9.820174] cloud-init[662]: |           +     |
[    9.820416] cloud-init[662]: |                 |
[    9.820734] cloud-init[662]: +----[SHA256]-----+
[    9.820867] cloud-init[662]: Generating public/private ecdsa key pair.
[    9.821051] cloud-init[662]: Your identification has been saved in /etc/ssh/ssh_host_ecdsa_key.
[    9.821352] cloud-init[662]: Your public key has been saved in /etc/ssh/ssh_host_ecdsa_key.pub.
[    9.821560] cloud-init[662]: The key fingerprint is:
[    9.821833] cloud-init[662]: SHA256:qGMcjGaQyvHm0/Kc29EO0hgGl2J+9V0Z0ffvVX5eLYk root@ubuntu-bionic
[    9.822101] cloud-init[662]: The key's randomart image is:
[    9.822268] cloud-init[662]: +---[ECDSA 256]---+
[    9.822613] cloud-init[662]: |             oo  |
[    9.823045] cloud-init[662]: | .    .       o..|
[    9.823518] cloud-init[662]: |o. + o .     o  o|
[    9.824624] cloud-init[662]: |o.=o+ ... . .   o|
[    9.825348] cloud-init[662]: |..++o+. S. . . o+|
[    9.825734] cloud-init[662]: | oo.+o+ .   E o B|
[    9.825788] cloud-init[662]: |   +=+ + .     ++|
[    9.826049] cloud-init[662]: |   .=.+ +       o|
[    9.826168] cloud-init[662]: |     =.. .       |
[    9.826312] cloud-init[662]: +----[SHA256]-----+
[    9.826506] cloud-init[662]: Generating public/private ed25519 key pair.
[    9.826599] cloud-init[662]: Your identification has been saved in /etc/ssh/ssh_host_ed25519_key.
[    9.826745] cloud-init[662]: Your public key has been saved in /etc/ssh/ssh_host_ed25519_key.pub.
[    9.826888] cloud-init[662]: The key fingerprint is:
[    9.827037] cloud-init[662]: SHA256:TvoQ3tTGgeWdjpwKJTuR9Xr9D3Qjywg6tfguxieDiQY root@ubuntu-bionic
[    9.827241] cloud-init[662]: The key's randomart image is:
[    9.827377] cloud-init[662]: +--[ED25519 256]--+
[    9.827569] cloud-init[662]: |        . .      |
[    9.827714] cloud-init[662]: |       o = . .   |
[    9.827838] cloud-init[662]: |      + o + o    |
[    9.827999] cloud-init[662]: |       = = *     |
[    9.828218] cloud-init[662]: |      = SoO o....|
[    9.828356] cloud-init[662]: | E   . X++o ooo..|
[    9.828509] cloud-init[662]: |  . . B++. . oo  |
[    9.828665] cloud-init[662]: |   o o Oo.     o |
[    9.828838] cloud-init[662]: |  .   . Bo      .|
[    9.828974] cloud-init[662]: +----[SHA256]-----+
[[0;32m  OK  [0m] Reached target Cloud-config availability.
[[0;32m  OK  [0m] Reached target System Initialization.
[[0;32m  OK  [0m] Started ACPI Events Check.
[[0;32m  OK  [0m] Reached target Paths.
[[0;32m  OK  [0m] Started Message of the Day.
[[0;32m  OK  [0m] Started Daily apt download activities.
[[0;32m  OK  [0m] Started Daily apt upgrade and clean activities.
[[0;32m  OK  [0m] Started Daily Cleanup of Temporary Directories.
[[0;32m  OK  [0m] Listening on ACPID Listen Socket.
[[0;32m  OK  [0m] Listening on UUID daemon activation socket.
         Starting LXD - unix socket.
[[0;32m  OK  [0m] Listening on Open-iSCSI iscsid Socket.
         Starting Socket activation for snappy daemon.
[[0;32m  OK  [0m] Listening on D-Bus System Message Bus Socket.
[[0;32m  OK  [0m] Started Discard unused blocks once a week.
[[0;32m  OK  [0m] Reached target Timers.
[[0;32m  OK  [0m] Reached target Network is Online.
[[0;32m  OK  [0m] Reached target Remote File Systems (Pre).
[[0;32m  OK  [0m] Reached target Remote File Systems.
         Starting Availability of block devices...
[[0;32m  OK  [0m] Listening on LXD - unix socket.
[[0;32m  OK  [0m] Listening on Socket activation for snappy daemon.
[[0;32m  OK  [0m] Reached target Sockets.
[[0;32m  OK  [0m] Reached target Basic System.
         Starting LSB: automatic crash report generation...
[[0;32m  OK  [0m] Started FUSE filesystem for LXC.
         Starting LSB: Record successful boot for GRUB...
[[0;32m  OK  [0m] Started Regular background program processing daemon.
         Starting Virtualbox guest utils...
[[0;32m  OK  [0m] Started Deferred execution scheduler.
         Starting Dispatcher daemon for systemd-networkd...
         Starting System Logging Service...
         Starting Pollinate to seed the pseudo random number generator...
[[0;32m  OK  [0m] Started irqbalance daemon.
[[0;32m  OK  [0m] Started D-Bus System Message Bus.
         Starting Login Service...
         Starting Snappy daemon...
         Starting Accounts Service...
         Starting Permit User Sessions...
         Starting LXD - container startup/shutdown...
[[0;32m  OK  [0m] Started System Logging Service.
[[0;32m  OK  [0m] Started Availability of block devices.
[[0;32m  OK  [0m] Started Permit User Sessions.
         Starting Terminate Plymouth Boot Screen...
         Starting Hold until boot process finishes up...
[[0;32m  OK  [0m] Started Hold until boot process finishes up.
[[0;32m  OK  [0m] Started Terminate Plymouth Boot Screen.
[[0;32m  OK  [0m] Started Serial Getty on ttyS0.
         Starting Set console scheme...
[[0;32m  OK  [0m] Started Set console scheme.
[[0;32m  OK  [0m] Started Login Service.
[[0;32m  OK  [0m] Started Unattended Upgrades Shutdown.
[[0;32m  OK  [0m] Created slice system-getty.slice.
[[0;32m  OK  [0m] Started Getty on tty1.
[[0;32m  OK  [0m] Reached target Login Prompts.
         Starting Authorization Manager...
[[0;32m  OK  [0m] Started LSB: automatic crash report generation.
[[0;32m  OK  [0m] Started Virtualbox guest utils.
[[0;32m  OK  [0m] Started Authorization Manager.
[[0;32m  OK  [0m] Started Accounts Service.
[[0;32m  OK  [0m] Started LSB: Record successful boot for GRUB.
[[0;32m  OK  [0m] Started Dispatcher daemon for systemd-networkd.
[[0;32m  OK  [0m] Started LXD - container startup/shutdown.
[[0;32m  OK  [0m] Started Snappy daemon.
         Starting Wait until snapd is fully seeded...
[[0;32m  OK  [0m] Started Pollinate to seed the pseudo random number generator.
         Starting OpenBSD Secure Shell server...
[[0;32m  OK  [0m] Started OpenBSD Secure Shell server.
[[0;32m  OK  [0m] Created slice User Slice of vagrant.
         Starting User Manager for UID 1000...
[[0;32m  OK  [0m] Started Session 1 of user vagrant.
[[0;32m  OK  [0m] Started User Manager for UID 1000.
         Stopping User Manager for UID 1000...
[[0;32m  OK  [0m] Stopped User Manager for UID 1000.
[[0;32m  OK  [0m] Removed slice User Slice of vagrant.
[[0;32m  OK  [0m] Created slice User Slice of vagrant.
         Starting User Manager for UID 1000...
[[0;32m  OK  [0m] Started Session 3 of user vagrant.
[[0;32m  OK  [0m] Started User Manager for UID 1000.

Ubuntu 18.04.4 LTS ubuntu-bionic ttyS0

ubuntu-bionic login: [   16.704769] cloud-init[1647]: Cloud-init v. 19.4-33-gbb4131a2-0ubuntu1~18.04.1 running 'modules:config' at Tue, 17 Mar 2020 19:41:31 +0000. Up 16.43 seconds.
ci-info: no authorized SSH keys fingerprints found for user ubuntu.
<14>Mar 17 19:41:32 ec2: 
<14>Mar 17 19:41:32 ec2: #############################################################
<14>Mar 17 19:41:32 ec2: -----BEGIN SSH HOST KEY FINGERPRINTS-----
<14>Mar 17 19:41:32 ec2: 1024 SHA256:Qh3taDDX3HMvVgVooWrQ+TsnCBxlIWmPdEBZYTOktGI root@ubuntu-bionic (DSA)
<14>Mar 17 19:41:32 ec2: 256 SHA256:qGMcjGaQyvHm0/Kc29EO0hgGl2J+9V0Z0ffvVX5eLYk root@ubuntu-bionic (ECDSA)
<14>Mar 17 19:41:32 ec2: 256 SHA256:TvoQ3tTGgeWdjpwKJTuR9Xr9D3Qjywg6tfguxieDiQY root@ubuntu-bionic (ED25519)
<14>Mar 17 19:41:32 ec2: 2048 SHA256:3EZmXGYJUXQvtkYC7jS1vyFvmXufzmz5WnMpLiQjVkU root@ubuntu-bionic (RSA)
<14>Mar 17 19:41:32 ec2: -----END SSH HOST KEY FINGERPRINTS-----
<14>Mar 17 19:41:32 ec2: #############################################################
-----BEGIN SSH HOST KEY KEYS-----
ecdsa-sha2-nistp256 AAAAE2VjZHNhLXNoYTItbmlzdHAyNTYAAAAIbmlzdHAyNTYAAABBBAdq+/j9oSh7HWwt1JkuujydHtwvSeamJm5S/C1yH3uBGXcjR6NXm08oyPqr/vC1srEXF5/YfSbDMmIiOXX8JBw= root@ubuntu-bionic
ssh-ed25519 AAAAC3NzaC1lZDI1NTE5AAAAIKCoBHSrwp9fFsdo+by1KD+imPTJLvLYKQJVc/+h0GK7 root@ubuntu-bionic
ssh-rsa AAAAB3NzaC1yc2EAAAADAQABAAABAQDgFjUD7ucvEeI28qnYg21obbfmwraPdNKUlyBXVikJyUzT3zoGyQTL2C+CeCs15o+gcg9dfRyioH+Aa6lgnpS3zv7qB5qXpVeixHoU7RdmV2MNicEatzkj3+J+VVvFbo7zDsgBGeJnB1BS3ut/mSvHAy4BJ/iWKSK6YqTaNSLSdzlG0XA5y6d9PBbmStnW6HLbDtwVedYR7bMH28klYHAdzkpmhRS1T6n19218KoKyPG/9seOpKMoWT9Bs5bai1S+lrTHc/57jMjEScrhwmZrEPKNG4Zd/ZSq8cgWdLr+lM8pvsBl/kALTF7p3mQ3UqHcBsbNgY8yV5EO5FKCCDrXH root@ubuntu-bionic
-----END SSH HOST KEY KEYS-----
[   17.068347] cloud-init[1791]: Cloud-init v. 19.4-33-gbb4131a2-0ubuntu1~18.04.1 running 'modules:final' at Tue, 17 Mar 2020 19:41:31 +0000. Up 16.96 seconds.
[   17.068417] cloud-init[1791]: ci-info: no authorized SSH keys fingerprints found for user ubuntu.
[   17.068469] cloud-init[1791]: Cloud-init v. 19.4-33-gbb4131a2-0ubuntu1~18.04.1 finished at Tue, 17 Mar 2020 19:41:32 +0000. Datasource DataSourceNoCloud [seed=/dev/sdb][dsmode=net].  Up 17.05 seconds
[[0;32m  OK  [0m] Started Execute cloud user/final scripts.
[[0;32m  OK  [0m] Reached target Cloud-init target.
